--------- beginning of main
09-25 23:16:04.983  6614  6681 I GlassesLink: OCR still 1: 'LIBRARY SOUTH|Library|Entrance'
09-25 23:16:15.076  6614  6681 I GlassesLink: OCR still 2: 'LR1STH|Library|Entrance'
09-25 23:16:22.960  6614  6681 I GlassesLink: OCR still 3: 'PUTH|LIbrary|Entrance'
09-25 23:16:23.458  6614  6614 I GlassesLink: VOTE node E-LM2 (CS-A05 'LIBRARY SOUTH') 3/3 conf 1.00
09-25 23:16:23.467  6614  6614 I GlassesLink: SPEAK start (camera off, cycle 72975 ms so far): 'Take the elevator to floor 6'
09-25 23:16:26.954  6614  6614 I GlassesLink: SPEAK done, cycle 2 took 76469 ms
09-25 23:16:26.962  6614  6614 I GlassesLink: CYCLE 3 LOOKING: burst of 3 (expect - '')
09-25 23:16:28.684  6614  6614 I GlassesMeta: BURST session STARTED in 1680 ms
09-25 23:16:32.527  6614  6614 I GlassesMeta: BURST camera ON (streaming) at 5523 ms
09-25 23:16:32.606  6614  6614 I GlassesReplay: REPLAY still 1: CS-A02-angle.jpg (hint none)
09-25 23:16:33.820  6614  6614 I GlassesMeta: BURST still 1/3 960x1280 in 1214 ms
09-25 23:16:33.821  6614  6614 I GlassesReplay: REPLAY still 2: CS-A02-far.jpg (hint none)
09-25 23:16:35.082  6614  6614 I GlassesMeta: BURST still 2/3 960x1280 in 1261 ms
09-25 23:16:35.095  6614  6614 I GlassesReplay: REPLAY still 3: CS-A02-straight.jpg (hint none)
09-25 23:16:37.066  6614  6614 I GlassesMeta: BURST still 3/3 960x1280 in 1971 ms
09-25 23:16:37.105  6614  6614 I GlassesMeta: BURST camera OFF (stream and session stopped) at 10100 ms
09-25 23:16:48.215  6614  7271 I GlassesLink: OCR still 1: 'SzCLASSROOM SOUTH|SSnECATIR ST.'
09-25 23:16:55.054  6614  7271 I GlassesLink: OCR still 2: 'TH'
09-25 23:17:01.912  6614  7271 I GlassesLink: OCR still 3: 'OM SOUTH'
09-25 23:17:02.042  6614  6614 I GlassesLink: VOTE none (3 stills)
09-25 23:17:02.048  6614  6614 I GlassesLink: SPEAK start (camera off, cycle 35094 ms so far): 'Room 608 is ahead'
09-25 23:17:08.404  6614  6614 I GlassesLink: SPEAK done, cycle 3 took 41449 ms
09-25 23:17:08.404  6614  6614 I GlassesLink: CYCLE end: arrived and said so
